// Jest Snapshot v1, https://goo.gl/fbAQLP

exports[`renders welcome message 1`] = `
<div
  id="stocks"
>
  Stocks :
  <ul>
    <li
      key="0001.HK"
    >
      0001.HK
       
      0001
    </li>
  </ul>
</div>
`;
